/*-----------------------------------------------------------------------------   
	                  ImageToPAAGUI 							  
-----------------------------------------------------------------------------*/   
[SYSTEM] cmd /c ImageToPAA.exe "C:\Users\User1\Documents\Arma 3 - Other Profiles\1LT%20M%2eLightfoot\missions\USEC_Fallujah_Base.fallujah\images\*.jpg" >> "C:\Users\User1\Documents\Arma 3 - Other Profiles\1LT%20M%2eLightfoot\missions\USEC_Fallujah_Base.fallujah\Logs\ImageToPAA_2015034_121502-00.rpt"
[JPG] StartTime: 4. 3. 2015 12:15:40
C:\Users\User1\Documents\Arma 3 - Other Profiles\1LT%20M%2eLightfoot\missions\USEC_Fallujah_Base.fallujah\images\*.jpg->
Error (Loading of img failed) C:\Users\User1\Documents\Arma 3 - Other Profiles\1LT%20M%2eLightfoot\missions\USEC_Fallujah_Base.fallujah\images\*.jpg->
[JPG] ExitTime: 4. 3. 2015 12:15:40
[INFO] No png file in the source directory
[INFO] No tga in the source directory
/*-----------------------------------------------------------------------------   
	                  ImageToPAAGUI 							  
-----------------------------------------------------------------------------*/   
[SYSTEM] cmd /c ImageToPAA.exe "C:\Users\User1\Documents\Arma 3 - Other Profiles\1LT%20M%2eLightfoot\missions\USEC_Fallujah_Base.fallujah\images\*.jpg" >> "C:\Users\User1\Documents\Arma 3 - Other Profiles\1LT%20M%2eLightfoot\missions\USEC_Fallujah_Base.fallujah\Logs\ImageToPAA_2015034_121502-00.rpt"
[JPG] StartTime: 4. 3. 2015 12:15:45
C:\Users\User1\Documents\Arma 3 - Other Profiles\1LT%20M%2eLightfoot\missions\USEC_Fallujah_Base.fallujah\images\*.jpg->
Error (Loading of img failed) C:\Users\User1\Documents\Arma 3 - Other Profiles\1LT%20M%2eLightfoot\missions\USEC_Fallujah_Base.fallujah\images\*.jpg->
[JPG] ExitTime: 4. 3. 2015 12:15:45
[INFO] No png file in the source directory
[INFO] No tga in the source directory
